// Jest Snapshot v1, https://goo.gl/fbAQLP

exports[`Dashboard.vue renders correctly 1`] = `
<div>
  <crow-stub
    gutters="true"
    tag="div"
  >
    <ccol-stub
      md="12"
      tag="div"
    >
      <ontologies-stub
        onto_list=""
      />
       
      <newontologyfill-stub />
    </ccol-stub>
  </crow-stub>
</div>
`;
